[trump-tower.in/index64df.html]
[trump-tower.in/favicon.ico]
[backblue.gif]
[fade.gif]
[index.html]
[trump-tower.in/css/magnific-popup.css]
[trump-tower.in/css/style.css]
[trump-tower.in/css/bootstrap.min.css]
[trump-tower.in/css/responsive.css]
[trump-tower.in/index.html]
[trump-tower.in/images/logo-ncr.png]
[trump-tower.in/images/bars.png]
[trump-tower.in/images/banners/slide1.jpg]
[trump-tower.in/images/banners/slide1-sm.jpg]
[trump-tower.in/images/banners/slide2.jpg]
[trump-tower.in/images/banners/slide2-sm.jpg]
[trump-tower.in/images/under-construction.png]
[trump-tower.in/images/under-construction-mobile.jpg]
[trump-tower.in/images/call.png]
[trump-tower.in/images/about-img.jpg]
[trump-tower.in/images/about-img-sm.jpg]
[trump-tower.in/images/right_arrow_light.png]
[trump-tower.in/images/highlights/highlight.jpg]
[trump-tower.in/images/highlights/highlight-sm.jpg]
[trump-tower.in/images/amenities/image1.jpg]
[trump-tower.in/images/amenities/image2.jpg]
[trump-tower.in/images/amenities/image3.jpg]
[trump-tower.in/images/amenities/image4.jpg]
[trump-tower.in/images/amenities/image5.jpg]
[trump-tower.in/images/amenities/image6.jpg]
[trump-tower.in/images/amenities/image7.jpg]
[trump-tower.in/images/amenities/image8.jpg]
[trump-tower.in/images/master-plan/master_plan.jpg]
[trump-tower.in/images/master-plan/master_plan_sm.jpg]
[trump-tower.in/images/floor-plan/floor_plan_1.jpg]
[trump-tower.in/images/floor-plan/floor_plan_1_sm.jpg]
[trump-tower.in/images/floor-plan/floor_plan_2.jpg]
[trump-tower.in/images/floor-plan/floor_plan_2_sm.jpg]
[trump-tower.in/images/floor-plan/floor_plan_3.jpg]
[trump-tower.in/images/floor-plan/floor_plan_3_sm.jpg]
[trump-tower.in/images/location_map.jpg]
[trump-tower.in/images/location_map_sm.jpg]
[trump-tower.in/images/gallery/gallery1.jpg]
[trump-tower.in/images/gallery/gallery1-sm.jpg]
[trump-tower.in/images/gallery/gallery2.jpg]
[trump-tower.in/images/gallery/gallery2-sm.jpg]
[trump-tower.in/images/gallery/gallery3.jpg]
[trump-tower.in/images/gallery/gallery3-sm.jpg]
[trump-tower.in/images/gallery/gallery4.jpg]
[trump-tower.in/images/gallery/gallery4-sm.jpg]
[trump-tower.in/images/gallery/gallery5.jpg]
[trump-tower.in/images/gallery/gallery5-sm.jpg]
[trump-tower.in/images/gallery/gallery6.jpg]
[trump-tower.in/images/gallery/gallery6-sm.jpg]
[trump-tower.in/images/gallery/gallery7.jpg]
[trump-tower.in/images/gallery/gallery7-sm.jpg]
[trump-tower.in/images/gallery/gallery8.jpg]
[trump-tower.in/images/gallery/gallery8-sm.jpg]
[trump-tower.in/images/logo.jpg]
[trump-tower.in/disclaimer.html]
[trump-tower.in/js/jquery.magnific-popup.min.js]
[trump-tower.in/js/bootstrap.min.js]
[trump-tower.in/index64df.html]
[api2.gtftech.com/scripts/queryform.min.sslec92.js]
[trump-tower.in/css/bootstrap.min.css]
[trump-tower.in/css/magnific-popup.css]
[trump-tower.in/fonts/Montserrat-Regular.ttf]
[trump-tower.in/js/jquery.js]
[trump-tower.in/fonts/Montserrat-Medium.ttf]
[trump-tower.in/fonts/Montserrat-SemiBold.ttf]
[trump-tower.in/css/style.css]
[trump-tower.in/css/responsive.css]
[trump-tower.in/index.html]
[trump-tower.in/disclaimer.html]
